[ch7] xgboost/dataset1 CV F1=0.7647+/-0.0149 ROC-AUC=0.9270 | holdout F1=0.7599 R=0.7769 FPR=0.0892 (6.6s)
    xgboost/dataset1 max_depth=3: F1=0.7520 R=0.8136 FPR=0.1167
    xgboost/dataset1 max_depth=6: F1=0.7599 R=0.7769 FPR=0.0892
    xgboost/dataset1 max_depth=9: F1=0.7598 R=0.7493 FPR=0.0743
    xgboost/dataset1 max_depth=12: F1=0.7528 R=0.7375 FPR=0.0739
    xgboost/dataset1 learning_rate=0.03: F1=0.7543 R=0.8018 FPR=0.1080
    xgboost/dataset1 learning_rate=0.1: F1=0.7599 R=0.7769 FPR=0.0892
    xgboost/dataset1 learning_rate=0.3: F1=0.7465 R=0.7441 FPR=0.0831
    xgboost/dataset1 n_estimators=100: F1=0.7489 R=0.8005 FPR=0.1124
    xgboost/dataset1 n_estimators=400: F1=0.7599 R=0.7769 FPR=0.0892
    xgboost/dataset1 n_estimators=800: F1=0.7600 R=0.7585 FPR=0.0791
    xgboost/dataset1 scale_pos_weight=1.0: F1=0.7599 R=0.7060 FPR=0.0507
    xgboost/dataset1 scale_pos_weight=3.0: F1=0.7599 R=0.7769 FPR=0.0892
    xgboost/dataset1 scale_pos_weight=6.0: F1=0.7507 R=0.8281 FPR=0.1259
[ch7] xgboost/dataset2 CV F1=0.7687+/-0.0167 ROC-AUC=0.9283 | holdout F1=0.7363 R=0.7578 FPR=0.1003 (5.7s)
    xgboost/dataset2 max_depth=3: F1=0.7246 R=0.7662 FPR=0.1163
    xgboost/dataset2 max_depth=6: F1=0.7363 R=0.7578 FPR=0.1003
    xgboost/dataset2 max_depth=9: F1=0.7293 R=0.7370 FPR=0.0947
    xgboost/dataset2 max_depth=12: F1=0.7250 R=0.7265 FPR=0.0926
    xgboost/dataset2 learning_rate=0.03: F1=0.7365 R=0.7704 FPR=0.1072
    xgboost/dataset2 learning_rate=0.1: F1=0.7363 R=0.7578 FPR=0.1003
    xgboost/dataset2 learning_rate=0.3: F1=0.7207 R=0.7328 FPR=0.1003
    xgboost/dataset2 n_estimators=100: F1=0.7215 R=0.7599 FPR=0.1156
    xgboost/dataset2 n_estimators=400: F1=0.7363 R=0.7578 FPR=0.1003
    xgboost/dataset2 n_estimators=800: F1=0.7235 R=0.7349 FPR=0.0989
    xgboost/dataset2 scale_pos_weight=1.0: F1=0.7329 R=0.6701 FPR=0.0529
    xgboost/dataset2 scale_pos_weight=3.0: F1=0.7363 R=0.7578 FPR=0.1003
    xgboost/dataset2 scale_pos_weight=6.0: F1=0.7158 R=0.7912 FPR=0.1400
[ch7] cnn1d/dataset1 CV F1=0.8362+/-0.0123 ROC-AUC=0.9691 | holdout F1=0.8512 R=0.8556 FPR=0.0516 (250.1s)
    cnn1d/dataset1 n_filters=64: F1=0.8194 R=0.8635 FPR=0.0813
    cnn1d/dataset1 n_filters=128: F1=0.8293 R=0.8701 FPR=0.0761
    cnn1d/dataset1 n_filters=256: F1=0.8323 R=0.8858 FPR=0.0809
    cnn1d/dataset1 dropout=0.1: F1=0.8427 R=0.8753 FPR=0.0673
    cnn1d/dataset1 dropout=0.3: F1=0.8293 R=0.8701 FPR=0.0761
    cnn1d/dataset1 dropout=0.5: F1=0.8212 R=0.8556 FPR=0.0761
    cnn1d/dataset1 lr=0.0005: F1=0.8124 R=0.8438 FPR=0.0778
    cnn1d/dataset1 lr=0.001: F1=0.8293 R=0.8701 FPR=0.0761
    cnn1d/dataset1 lr=0.002: F1=0.8435 R=0.8950 FPR=0.0756
    cnn1d/dataset1 pos_weight=1.0: F1=0.8316 R=0.7808 FPR=0.0324
    cnn1d/dataset1 pos_weight=3.0: F1=0.8293 R=0.8701 FPR=0.0761
    cnn1d/dataset1 pos_weight=6.0: F1=0.8072 R=0.9173 FPR=0.1185
[ch7] cnn1d/dataset2 CV F1=0.8263+/-0.0105 ROC-AUC=0.9580 | holdout F1=0.8238 R=0.8685 FPR=0.0801 (172.9s)
    cnn1d/dataset2 n_filters=64: F1=0.7976 R=0.8434 FPR=0.0905
    cnn1d/dataset2 n_filters=128: F1=0.8086 R=0.8643 FPR=0.0912
    cnn1d/dataset2 n_filters=256: F1=0.8265 R=0.8601 FPR=0.0738
    cnn1d/dataset2 dropout=0.1: F1=0.8148 R=0.8727 FPR=0.0898
    cnn1d/dataset2 dropout=0.3: F1=0.8086 R=0.8643 FPR=0.0912
    cnn1d/dataset2 dropout=0.5: F1=0.7881 R=0.8539 FPR=0.1045
    cnn1d/dataset2 lr=0.0005: F1=0.7914 R=0.8079 FPR=0.0780
    cnn1d/dataset2 lr=0.001: F1=0.8086 R=0.8643 FPR=0.0912
    cnn1d/dataset2 lr=0.002: F1=0.8337 R=0.8580 FPR=0.0669
    cnn1d/dataset2 pos_weight=1.0: F1=0.8137 R=0.7704 FPR=0.0411
    cnn1d/dataset2 pos_weight=3.0: F1=0.8086 R=0.8643 FPR=0.0912
    cnn1d/dataset2 pos_weight=6.0: F1=0.7363 R=0.8977 FPR=0.1804
[ch7] wrote results/ch7_*.json + report/ch7_sensitivity.md
